<html>
<body>
<pre>
<h1>µVision Build Log</h1>
<h2>Tool Versions:</h2>
IDE-Version: ¦ÌVision V5.40.0.0
Copyright (C) 2024 ARM Ltd and ARM Germany GmbH. All rights reserved.
License Information: Sandman Zhang, 06, LIC=CZLZX-HIH46-74ZS0-BG8NW-4ZUPI-RGW5D
 
Tool Versions:
Toolchain:       MDK-ARM Plus  Version: 5.40.0.3
Toolchain Path:  C:\Program Files\Keil_v5\ARM\ARMCLANG\Bin
C Compiler:      ArmClang.exe V6.22
Assembler:       Armasm.exe V6.22
Linker/Locator:  ArmLink.exe V6.22
Library Manager: ArmAr.exe V6.22
Hex Converter:   FromElf.exe V6.22
CPU DLL:         SARMCM3.DLL V5.40.0.3
Dialog DLL:      DARMCM1.DLL V1.19.6.0
Target DLL:      Segger\JL2CM3.dll V2.99.44.0
Dialog DLL:      TARMCM1.DLL V1.14.6.0
 
<h2>Project:</h2>
C:\Users\zbn02\Desktop\ResPlate_Relay\MDK-ARM\ResPlate_Relay.uvprojx
Project File Date:  11/28/2024

<h2>Output:</h2>
*** Using Compiler 'V6.22', folder: 'C:\Program Files\Keil_v5\ARM\ARMCLANG\Bin'
Build target 'ResPlate_Relay'
compiling main.c...
linking...
Program Size: Code=4132 RO-data=288 RW-data=16 ZI-data=1184  
FromELF: creating hex file...
"ResPlate_Relay\ResPlate_Relay.axf" - 0 Error(s), 0 Warning(s).

<h2>Software Packages used:</h2>

Package Vendor: ARM
                https://www.keil.com/pack/ARM.CMSIS.6.1.0.pack
                ARM::CMSIS@6.1.0
                CMSIS (Common Microcontroller Software Interface Standard)
   * Component: CORE Version: 6.1.0

Package Vendor: Keil
                https://www.keil.com/pack/Keil.STM32G0xx_DFP.1.5.0.pack
                Keil::STM32G0xx_DFP@1.5.0
                STMicroelectronics STM32G0 Series Device Support

<h2>Collection of Component include folders:</h2>
  ./RTE/_ResPlate_Relay
  C:/Users/zbn02/AppData/Local/Arm/Packs/ARM/CMSIS/6.1.0/CMSIS/Core/Include
  C:/Users/zbn02/AppData/Local/Arm/Packs/Keil/STM32G0xx_DFP/1.5.0/Drivers/CMSIS/Device/ST/STM32G0xx/Include

<h2>Collection of Component Files used:</h2>

   * Component: ARM::CMSIS:CORE@6.1.0
Build Time Elapsed:  00:00:03
</pre>
</body>
</html>
